// Jest Snapshot v1, https://goo.gl/fbAQLP

exports[`should render catchphrases in a snapshot 1`] = `
<div>
  <h3>
    Catchphrases:
  </h3>
  <p>
    woohoo
  </p>
  <p>
    meow
  </p>
  <p>
    bark
  </p>
</div>
`;
